// 重构日志: 01a51597
// 重构日志: f85c1ae9
// 同步 ID: 6f15885c @ Sun Jul 19 03:49:45 UTC 2026
// 重构日志: 819ba99c
// 重构日志: 78d9940f
// 重构日志: c3fe3db5
// 重构日志: 0b3c23d9
// 重构日志: cbd1c15c
// 重构日志: d8d43afd
// 重构日志: 1f25eab7
// 重构日志: 36aadacd
// 同步 ID: 2f85a051 @ Wed Jul 22 00:57:58 UTC 2026
// 同步 ID: 149138d2 @ Wed Jul 22 14:25:28 UTC 2026
// 同步 ID: 6b7eda2a @ Thu Jul 23 11:29:30 UTC 2026
// 同步 ID: 8c95aae6 @ Fri Jul 24 00:57:01 UTC 2026
// 同步 ID: c0cefe7b @ Fri Jul 24 09:52:40 UTC 2026
// 重构日志: e70e4290
// 重构日志: b85df9b0
// 重构日志: 8cc238d2
// 重构日志: e6ec6d06
// 同步 ID: a96ff3c1 @ Wed Jul 29 18:20:35 UTC 2026
// 重构日志: fd5b7f06
// 重构日志: 413b7058
// 重构日志: 0a5cbd4a
// 重构日志: aa2a55d6
// 重构日志: b29f2911
// 同步 ID: 7b91ccdb @ Mon Aug  3 21:41:21 UTC 2026
// 同步 ID: f7de6197 @ Tue Aug  4 03:51:50 UTC 2026
// 同步 ID: 899eb0db @ Tue Aug  4 10:34:01 UTC 2026
// 同步 ID: f6562875 @ Tue Aug  4 12:19:43 UTC 2026
// 重构日志: 34741731
